src/app/api/configuracoes/lgpd/data-portability/route.ts(133,43): error TS2769: No overload matches this call.
  Overload 1 of 2, '(values: { action?: string | null | undefined; created_at?: string | null | undefined; details?: Json | undefined; id?: string | undefined; user_id?: string | null | undefined; }, options?: { ...; } | undefined): PostgrestFilterBuilder<...>', gave the following error.
    Type '{ exportedAt: Date; ipAddress: string; dataTypes: string[]; }' is not assignable to type 'Json | undefined'.
      Types of property 'exportedAt' are incompatible.
        Type 'Date' is not assignable to type 'Json | undefined'.
          Type 'Date' is not assignable to type '{ [key: string]: Json | undefined; }'.
            Index signature for type 'string' is missing in type 'Date'.
  Overload 2 of 2, '(values: { action?: string | null | undefined; created_at?: string | null | undefined; details?: Json | undefined; id?: string | undefined; user_id?: string | null | undefined; }[], options?: { ...; } | undefined): PostgrestFilterBuilder<...>', gave the following error.
    Object literal may only specify known properties, and 'user_id' does not exist in type '{ action?: string | null | undefined; created_at?: string | null | undefined; details?: Json | undefined; id?: string | undefined; user_id?: string | null | undefined; }[]'.
src/app/api/gestao/eventos/[id]/route.ts(71,23): error TS2339: Property 'nome_evento' does not exist on type 'SelectQueryError<"column 'nome_evento' does not exist on 'eventos'.">'.
src/app/api/gestao/eventos/fix-all/route.ts(37,21): error TS2353: Object literal may only specify known properties, and 'nome_evento' does not exist in type '{ artista?: string | null | undefined; ativo?: boolean | null | undefined; atualizado_em?: string | null | undefined; bar_id?: number | null | undefined; c_art?: number | null | undefined; ... 42 more ...; yuzer_liquido?: number | ... 1 more ... | undefined; }'.
src/app/api/gestao/eventos/fix-names/route.ts(266,34): error TS2339: Property 'data_evento' does not exist on type 'SelectQueryError<"column 'nome_evento' does not exist on 'eventos'.">'.
src/app/api/gestao/eventos/fix-names/route.ts(266,67): error TS2339: Property 'data_evento' does not exist on type 'SelectQueryError<"column 'nome_evento' does not exist on 'eventos'.">'.
src/app/api/gestao/eventos/fix-names/route.ts(268,28): error TS2339: Property 'data_evento' does not exist on type 'SelectQueryError<"column 'nome_evento' does not exist on 'eventos'.">'.
src/app/api/gestao/eventos/fix-names/route.ts(268,60): error TS2339: Property 'nome_evento' does not exist on type 'SelectQueryError<"column 'nome_evento' does not exist on 'eventos'.">'.
src/app/api/gestao/eventos/fix-names/route.ts(271,49): error TS2339: Property 'nome_evento' does not exist on type 'SelectQueryError<"column 'nome_evento' does not exist on 'eventos'.">'.
src/app/api/gestao/eventos/fix-names/route.ts(273,36): error TS2339: Property 'data_evento' does not exist on type 'SelectQueryError<"column 'nome_evento' does not exist on 'eventos'.">'.
src/app/api/gestao/eventos/fix-names/route.ts(273,60): error TS2339: Property 'nome_evento' does not exist on type 'SelectQueryError<"column 'nome_evento' does not exist on 'eventos'.">'.
src/app/api/gestao/eventos/fix-names/route.ts(276,22): error TS2339: Property 'id' does not exist on type 'SelectQueryError<"column 'nome_evento' does not exist on 'eventos'.">'.
src/app/api/gestao/eventos/fix-names/route.ts(277,31): error TS2339: Property 'data_evento' does not exist on type 'SelectQueryError<"column 'nome_evento' does not exist on 'eventos'.">'.
src/app/api/gestao/eventos/fix-names/route.ts(278,28): error TS2339: Property 'nome_evento' does not exist on type 'SelectQueryError<"column 'nome_evento' does not exist on 'eventos'.">'.
src/app/api/gestao/eventos/fix-names/route.ts(283,29): error TS2339: Property 'data_evento' does not exist on type 'SelectQueryError<"column 'nome_evento' does not exist on 'eventos'.">'.
src/app/api/gestao/eventos/fix-names/route.ts(286,56): error TS2339: Property 'data_evento' does not exist on type 'SelectQueryError<"column 'nome_evento' does not exist on 'eventos'.">'.
src/app/api/gestao/eventos/fix-names/route.ts(296,19): error TS2353: Object literal may only specify known properties, and 'nome_evento' does not exist in type '{ artista?: string | null | undefined; ativo?: boolean | null | undefined; atualizado_em?: string | null | undefined; bar_id?: number | null | undefined; c_art?: number | null | undefined; ... 42 more ...; yuzer_liquido?: number | ... 1 more ... | undefined; }'.
src/app/api/gestao/eventos/fix-names/route.ts(312,19): error TS2353: Object literal may only specify known properties, and 'nome_evento' does not exist in type '{ artista?: string | null | undefined; ativo?: boolean | null | undefined; atualizado_em?: string | null | undefined; bar_id?: number | null | undefined; c_art?: number | null | undefined; ... 42 more ...; yuzer_liquido?: number | ... 1 more ... | undefined; }'.
src/app/api/gestao/eventos/fix-simple/route.ts(42,19): error TS2353: Object literal may only specify known properties, and 'nome_evento' does not exist in type '{ artista?: string | null | undefined; ativo?: boolean | null | undefined; atualizado_em?: string | null | undefined; bar_id?: number | null | undefined; c_art?: number | null | undefined; ... 42 more ...; yuzer_liquido?: number | ... 1 more ... | undefined; }'.
src/app/api/gestao/eventos/sync-performance/route.ts(56,14): error TS2339: Property 'publico_real' does not exist on type '{ artista: string | null; ativo: boolean | null; atualizado_em: string | null; bar_id: number | null; c_art: number | null; c_artistico_plan: number | null; c_prod: number | null; ... 40 more ...; yuzer_liquido: number | null; }'.
src/app/api/gestao/eventos/sync-performance/route.ts(57,14): error TS2339: Property 'faturamento_liquido' does not exist on type '{ artista: string | null; ativo: boolean | null; atualizado_em: string | null; bar_id: number | null; c_art: number | null; c_artistico_plan: number | null; c_prod: number | null; ... 40 more ...; yuzer_liquido: number | null; }'.
src/app/api/gestao/eventos/sync-performance/route.ts(154,14): error TS2339: Property 'capacidade_estimada' does not exist on type '{ artista: string | null; ativo: boolean | null; atualizado_em: string | null; bar_id: number | null; c_art: number | null; c_artistico_plan: number | null; c_prod: number | null; ... 40 more ...; yuzer_liquido: number | null; }'.
src/app/api/gestao/eventos/sync-performance/route.ts(155,34): error TS2339: Property 'capacidade_estimada' does not exist on type '{ artista: string | null; ativo: boolean | null; atualizado_em: string | null; bar_id: number | null; c_art: number | null; c_artistico_plan: number | null; c_prod: number | null; ... 40 more ...; yuzer_liquido: number | null; }'.
src/app/api/gestao/eventos/sync-performance/route.ts(172,9): error TS2353: Object literal may only specify known properties, and 'publico_real' does not exist in type '{ artista?: string | null | undefined; ativo?: boolean | null | undefined; atualizado_em?: string | null | undefined; bar_id?: number | null | undefined; c_art?: number | null | undefined; ... 42 more ...; yuzer_liquido?: number | ... 1 more ... | undefined; }'.
src/app/api/gestao/eventos/update-performance/route.ts(33,9): error TS2353: Object literal may only specify known properties, and 'publico_real' does not exist in type '{ artista?: string | null | undefined; ativo?: boolean | null | undefined; atualizado_em?: string | null | undefined; bar_id?: number | null | undefined; c_art?: number | null | undefined; ... 42 more ...; yuzer_liquido?: number | ... 1 more ... | undefined; }'.
src/app/api/integracoes/sympla/route.ts(31,17): error TS2345: Argument of type 'string' is not assignable to parameter of type 'number'.
src/app/api/operacional/receitas/producao/route.ts(124,8): error TS2769: No overload matches this call.
  Overload 1 of 2, '(values: { bar_id: number; created_at?: string | null | undefined; criado_por_nome?: string | null | undefined; fim_producao?: string | null | undefined; id?: number | undefined; inicio_producao?: string | ... 1 more ... | undefined; ... 13 more ...; updated_at?: string | ... 1 more ... | undefined; }, options?: { ...; } | undefined): PostgrestFilterBuilder<...>', gave the following error.
    Argument of type '{ bar_id: any; receita_id: number; funcionario_id: number; peso_bruto_proteina: any; peso_limpo_proteina: any; rendimento_calculado: any; itens_produzidos_real: any; inicio_producao: any; ... 4 more ...; desvio: any; }[]' is not assignable to parameter of type '{ bar_id: number; created_at?: string | null | undefined; criado_por_nome?: string | null | undefined; fim_producao?: string | null | undefined; id?: number | undefined; inicio_producao?: string | ... 1 more ... | undefined; ... 13 more ...; updated_at?: string | ... 1 more ... | undefined; }'.
      Type '{ bar_id: any; receita_id: number; funcionario_id: number; peso_bruto_proteina: any; peso_limpo_proteina: any; rendimento_calculado: any; itens_produzidos_real: any; inicio_producao: any; ... 4 more ...; desvio: any; }[]' is missing the following properties from type '{ bar_id: number; created_at?: string | null | undefined; criado_por_nome?: string | null | undefined; fim_producao?: string | null | undefined; id?: number | undefined; inicio_producao?: string | ... 1 more ... | undefined; ... 13 more ...; updated_at?: string | ... 1 more ... | undefined; }': bar_id, receita_codigo, receita_nome
  Overload 2 of 2, '(values: { bar_id: number; created_at?: string | null | undefined; criado_por_nome?: string | null | undefined; fim_producao?: string | null | undefined; id?: number | undefined; inicio_producao?: string | ... 1 more ... | undefined; ... 13 more ...; updated_at?: string | ... 1 more ... | undefined; }[], options?: { ...; } | undefined): PostgrestFilterBuilder<...>', gave the following error.
    Type '{ bar_id: any; receita_id: number; funcionario_id: number; peso_bruto_proteina: any; peso_limpo_proteina: any; rendimento_calculado: any; itens_produzidos_real: any; inicio_producao: any; ... 4 more ...; desvio: any; }' is missing the following properties from type '{ bar_id: number; created_at?: string | null | undefined; criado_por_nome?: string | null | undefined; fim_producao?: string | null | undefined; id?: number | undefined; inicio_producao?: string | ... 1 more ... | undefined; ... 13 more ...; updated_at?: string | ... 1 more ... | undefined; }': receita_codigo, receita_nome
src/app/api/operacional/receitas/produtos-completo/route.ts(318,15): error TS2769: No overload matches this call.
  Overload 1 of 2, '(values: { ativo?: boolean | null | undefined; bar_id: number; created_at?: string | null | undefined; id?: number | undefined; insumo_chefe_id?: number | null | undefined; observacoes?: string | null | undefined; ... 5 more ...; updated_at?: string | ... 1 more ... | undefined; }, options?: { ...; } | undefined): PostgrestFilterBuilder<...>', gave the following error.
    Argument of type '{ receita_codigo: any; produto_id: null; insumo_id: null; quantidade: number; }[]' is not assignable to parameter of type '{ ativo?: boolean | null | undefined; bar_id: number; created_at?: string | null | undefined; id?: number | undefined; insumo_chefe_id?: number | null | undefined; observacoes?: string | null | undefined; ... 5 more ...; updated_at?: string | ... 1 more ... | undefined; }'.
      Type '{ receita_codigo: any; produto_id: null; insumo_id: null; quantidade: number; }[]' is missing the following properties from type '{ ativo?: boolean | null | undefined; bar_id: number; created_at?: string | null | undefined; id?: number | undefined; insumo_chefe_id?: number | null | undefined; observacoes?: string | null | undefined; ... 5 more ...; updated_at?: string | ... 1 more ... | undefined; }': bar_id, receita_codigo, receita_nome
  Overload 2 of 2, '(values: { ativo?: boolean | null | undefined; bar_id: number; created_at?: string | null | undefined; id?: number | undefined; insumo_chefe_id?: number | null | undefined; observacoes?: string | null | undefined; ... 5 more ...; updated_at?: string | ... 1 more ... | undefined; }[], options?: { ...; } | undefined): PostgrestFilterBuilder<...>', gave the following error.
    Argument of type '{ receita_codigo: any; produto_id: null; insumo_id: null; quantidade: number; }[]' is not assignable to parameter of type '{ ativo?: boolean | null | undefined; bar_id: number; created_at?: string | null | undefined; id?: number | undefined; insumo_chefe_id?: number | null | undefined; observacoes?: string | null | undefined; ... 5 more ...; updated_at?: string | ... 1 more ... | undefined; }[]'.
      Type '{ receita_codigo: any; produto_id: null; insumo_id: null; quantidade: number; }' is missing the following properties from type '{ ativo?: boolean | null | undefined; bar_id: number; created_at?: string | null | undefined; id?: number | undefined; insumo_chefe_id?: number | null | undefined; observacoes?: string | null | undefined; ... 5 more ...; updated_at?: string | ... 1 more ... | undefined; }': bar_id, receita_nome
src/app/api/operacional/receitas/todas/route.ts(72,30): error TS2339: Property 'receita_codigo' does not exist on type 'SelectQueryError<"column 'insumo_id' does not exist on 'receitas'.">'.
src/app/api/operacional/receitas/todas/route.ts(77,33): error TS2339: Property 'receita_nome' does not exist on type 'SelectQueryError<"column 'insumo_id' does not exist on 'receitas'.">'.
src/app/api/operacional/receitas/todas/route.ts(78,38): error TS2339: Property 'receita_categoria' does not exist on type 'SelectQueryError<"column 'insumo_id' does not exist on 'receitas'.">'.
src/app/api/operacional/receitas/todas/route.ts(80,36): error TS2339: Property 'insumo_chefe_id' does not exist on type 'SelectQueryError<"column 'insumo_id' does not exist on 'receitas'.">'.
src/app/api/operacional/receitas/todas/route.ts(81,31): error TS2339: Property 'receita_categoria' does not exist on type 'SelectQueryError<"column 'insumo_id' does not exist on 'receitas'.">'.
src/app/api/operacional/receitas/todas/route.ts(84,26): error TS2339: Property 'ativo' does not exist on type 'SelectQueryError<"column 'insumo_id' does not exist on 'receitas'.">'.
src/app/api/operacional/receitas/todas/route.ts(90,19): error TS2339: Property 'insumos' does not exist on type 'SelectQueryError<"column 'insumo_id' does not exist on 'receitas'.">'.
src/app/api/operacional/receitas/todas/route.ts(90,52): error TS2339: Property 'insumos' does not exist on type 'SelectQueryError<"column 'insumo_id' does not exist on 'receitas'.">'.
src/app/api/operacional/receitas/todas/route.ts(90,72): error TS2339: Property 'insumos' does not exist on type 'SelectQueryError<"column 'insumo_id' does not exist on 'receitas'.">'.
src/app/api/operacional/receitas/todas/route.ts(92,32): error TS2339: Property 'insumos' does not exist on type 'SelectQueryError<"column 'insumo_id' does not exist on 'receitas'.">'.
src/app/api/operacional/receitas/todas/route.ts(93,33): error TS2339: Property 'insumo_chefe_id' does not exist on type 'SelectQueryError<"column 'insumo_id' does not exist on 'receitas'.">'.
src/app/api/operacional/receitas/todas/route.ts(96,32): error TS2339: Property 'rendimento_esperado' does not exist on type 'SelectQueryError<"column 'insumo_id' does not exist on 'receitas'.">'.
src/app/api/operacional/receitas/todas/route.ts(97,52): error TS2339: Property 'rendimento_esperado' does not exist on type 'SelectQueryError<"column 'insumo_id' does not exist on 'receitas'.">'.
src/app/api/operacional/receitas/todas/route.ts(104,42): error TS2339: Property 'quantidade_necessaria' does not exist on type 'SelectQueryError<"column 'insumo_id' does not exist on 'receitas'.">'.
src/app/api/relatorios/analitico/route.ts(63,61): error TS2551: Property 'itm_valorfinal' does not exist on type '{ ano: number | null; bar_id: number | null; comandaorigem: string | null; created_at: string | null; custo: number | null; desconto: number | null; grp_desc: string | null; id: number; ... 19 more ...; vd_mesadesc: string | null; }'. Did you mean 'valorfinal'?
src/app/api/relatorios/analitico/route.ts(64,60): error TS2339: Property 'itm_qtd' does not exist on type '{ ano: number | null; bar_id: number | null; comandaorigem: string | null; created_at: string | null; custo: number | null; desconto: number | null; grp_desc: string | null; id: number; ... 19 more ...; vd_mesadesc: string | null; }'.
src/app/api/relatorios/analitico/route.ts(76,34): error TS2551: Property 'itm_valorfinal' does not exist on type '{ ano: number | null; bar_id: number | null; comandaorigem: string | null; created_at: string | null; custo: number | null; desconto: number | null; grp_desc: string | null; id: number; ... 19 more ...; vd_mesadesc: string | null; }'. Did you mean 'valorfinal'?
src/app/api/relatorios/analitico/route.ts(77,39): error TS2339: Property 'itm_qtd' does not exist on type '{ ano: number | null; bar_id: number | null; comandaorigem: string | null; created_at: string | null; custo: number | null; desconto: number | null; grp_desc: string | null; id: number; ... 19 more ...; vd_mesadesc: string | null; }'.
src/app/api/relatorios/analitico/route.ts(98,32): error TS2551: Property 'itm_valorfinal' does not exist on type '{ ano: number | null; bar_id: number | null; comandaorigem: string | null; created_at: string | null; custo: number | null; desconto: number | null; grp_desc: string | null; id: number; ... 19 more ...; vd_mesadesc: string | null; }'. Did you mean 'valorfinal'?
src/app/api/relatorios/analitico/route.ts(99,37): error TS2339: Property 'itm_qtd' does not exist on type '{ ano: number | null; bar_id: number | null; comandaorigem: string | null; created_at: string | null; custo: number | null; desconto: number | null; grp_desc: string | null; id: number; ... 19 more ...; vd_mesadesc: string | null; }'.
src/app/api/relatorios/periodo/route.ts(62,59): error TS2339: Property 'vr_taxa' does not exist on type '{ bar_id: number | null; cht_nome: string | null; cli_dtnasc: string | null; cli_email: string | null; cli_fone: string | null; cli_nome: string | null; created_at: string | null; ... 19 more ...; vr_repique: number | null; }'.
src/app/api/relatorios/periodo/route.ts(64,64): error TS2339: Property 'vr_acrescimo' does not exist on type '{ bar_id: number | null; cht_nome: string | null; cli_dtnasc: string | null; cli_email: string | null; cli_fone: string | null; cli_nome: string | null; created_at: string | null; ... 19 more ...; vr_repique: number | null; }'.
src/app/api/relatorios/periodo/route.ts(65,60): error TS2339: Property 'vr_total' does not exist on type '{ bar_id: number | null; cht_nome: string | null; cli_dtnasc: string | null; cli_email: string | null; cli_fone: string | null; cli_nome: string | null; created_at: string | null; ... 19 more ...; vr_repique: number | null; }'.
src/lib/whatsapp-service.ts(458,19): error TS2345: Argument of type 'string' is not assignable to parameter of type 'number'.
